// Jest Snapshot v1, https://goo.gl/fbAQLP

exports[`<JobList/> should match snapshot 1`] = `ReactWrapper {}`;
